{
  "song_checksums": {
    "stardstm.MOD": 9995897494467042659,
    "sarcophaser.MOD": 4382651832454857996,
    "BUBBLE_BOBBLE.MOD": 18041848598539443205,
    "cream_of_the_earth.mod": 12443416690608953348,
    "wasteland.mod": 17288818420914881533,
    "CHIP_SLAYER!.MOD": 15825076310201354599,
    "BOG_WRAITH.mod": 4294097906905445368,
    "switchback.mod": 2928299724866689413,
    "overload.mod": 1246081023385950173
  }
}